// Jest Snapshot v1, https://goo.gl/fbAQLP

exports[`Search page matches snapshot 1`] = `
<DocumentFragment>
  <div
    class="sc-bdfBwQ hWYzqR"
  >
    <div
      class="sc-gsTCUz sc-eCssSg JMcbo kzlSGG"
    >
      <form
        class="sc-iqHYGH MVvsM"
        data-testid="search-form"
      >
        <h2
          class="sc-jrAGrp jehxKj"
        >
          Enter a repository name
        </h2>
        <div
          class="sc-crrsfI hiXqPz"
        >
          <input
            class="sc-kEjbxe hsPXNJ"
            data-testid="search-input"
            name="search"
            type="search"
            value="testOwner/testRepo"
          />
          <button
            class="sc-dlfnbm bzkdEC"
            type="submit"
          >
            Search
          </button>
        </div>
        <div
          class="sc-dQppl gPdaty"
        >
          <label
            class="sc-bqyKva bxqoLI"
          >
            <input
              checked=""
              class="sc-kstrdz ldzzjK"
              data-testid="filter-all"
              name="filter"
              type="radio"
              value="all"
            />
            All
          </label>
          <label
            class="sc-bqyKva bxqoLI"
          >
            <input
              class="sc-kstrdz ldzzjK"
              data-testid="filter-open"
              name="filter"
              type="radio"
              value="open"
            />
            Open
          </label>
          <label
            class="sc-bqyKva bxqoLI"
          >
            <input
              class="sc-kstrdz ldzzjK"
              data-testid="filter-closed"
              name="filter"
              type="radio"
              value="closed"
            />
            Closed
          </label>
        </div>
      </form>
    </div>
    <div
      class="sc-gsTCUz JMcbo"
    >
      <div
        class="sc-iBPRYJ eyuLIv"
      >
        <div
          class="sc-idOhPF DHnoZ"
        >
          <h3
            class="sc-bkzZxe gVzoH"
          >
            Result
          </h3>
          <ul
            class="sc-fodVxV lghLof"
          />
        </div>
      </div>
    </div>
  </div>
</DocumentFragment>
`;
